Archive member included to satisfy reference by file (symbol)

/Users/srcnert/Documents/Embedded_Doc/tools/gcc-arm-none-eabi-7-2018-q2/bin/../lib/gcc/arm-none-eabi/7.3.1/../../../../arm-none-eabi/lib/thumb/v6-m/libc_nano.a(lib_a-exit.o)
                              /Users/srcnert/Documents/Embedded_Doc/tools/gcc-arm-none-eabi-7-2018-q2/bin/../lib/gcc/arm-none-eabi/7.3.1/../../../../arm-none-eabi/lib/thumb/v6-m/crt0.o (exit)
/Users/srcnert/Documents/Embedded_Doc/tools/gcc-arm-none-eabi-7-2018-q2/bin/../lib/gcc/arm-none-eabi/7.3.1/../../../../arm-none-eabi/lib/thumb/v6-m/libc_nano.a(lib_a-impure.o)
                              /Users/srcnert/Documents/Embedded_Doc/tools/gcc-arm-none-eabi-7-2018-q2/bin/../lib/gcc/arm-none-eabi/7.3.1/../../../../arm-none-eabi/lib/thumb/v6-m/libc_nano.a(lib_a-exit.o) (_global_impure_ptr)
/Users/srcnert/Documents/Embedded_Doc/tools/gcc-arm-none-eabi-7-2018-q2/bin/../lib/gcc/arm-none-eabi/7.3.1/../../../../arm-none-eabi/lib/thumb/v6-m/libc_nano.a(lib_a-init.o)
                              /Users/srcnert/Documents/Embedded_Doc/tools/gcc-arm-none-eabi-7-2018-q2/bin/../lib/gcc/arm-none-eabi/7.3.1/../../../../arm-none-eabi/lib/thumb/v6-m/crt0.o (__libc_init_array)
/Users/srcnert/Documents/Embedded_Doc/tools/gcc-arm-none-eabi-7-2018-q2/bin/../lib/gcc/arm-none-eabi/7.3.1/../../../../arm-none-eabi/lib/thumb/v6-m/libc_nano.a(lib_a-memcpy-stub.o)
                              _build/stm32f0xx/SEGGER_RTT.c.o (memcpy)
/Users/srcnert/Documents/Embedded_Doc/tools/gcc-arm-none-eabi-7-2018-q2/bin/../lib/gcc/arm-none-eabi/7.3.1/../../../../arm-none-eabi/lib/thumb/v6-m/libc_nano.a(lib_a-memset.o)
                              /Users/srcnert/Documents/Embedded_Doc/tools/gcc-arm-none-eabi-7-2018-q2/bin/../lib/gcc/arm-none-eabi/7.3.1/../../../../arm-none-eabi/lib/thumb/v6-m/crt0.o (memset)
/Users/srcnert/Documents/Embedded_Doc/tools/gcc-arm-none-eabi-7-2018-q2/bin/../lib/gcc/arm-none-eabi/7.3.1/../../../../arm-none-eabi/lib/thumb/v6-m/libc_nano.a(lib_a-strcpy.o)
                              _build/stm32f0xx/SEGGER_RTT.c.o (strcpy)
/Users/srcnert/Documents/Embedded_Doc/tools/gcc-arm-none-eabi-7-2018-q2/bin/../lib/gcc/arm-none-eabi/7.3.1/../../../../arm-none-eabi/lib/thumb/v6-m/libc_nano.a(lib_a-strlen.o)
                              _build/stm32f0xx/SEGGER_RTT.c.o (strlen)
/Users/srcnert/Documents/Embedded_Doc/tools/gcc-arm-none-eabi-7-2018-q2/bin/../lib/gcc/arm-none-eabi/7.3.1/../../../../arm-none-eabi/lib/thumb/v6-m/libnosys.a(_exit.o)
                              /Users/srcnert/Documents/Embedded_Doc/tools/gcc-arm-none-eabi-7-2018-q2/bin/../lib/gcc/arm-none-eabi/7.3.1/../../../../arm-none-eabi/lib/thumb/v6-m/libc_nano.a(lib_a-exit.o) (_exit)
/Users/srcnert/Documents/Embedded_Doc/tools/gcc-arm-none-eabi-7-2018-q2/bin/../lib/gcc/arm-none-eabi/7.3.1/thumb/v6-m/libgcc.a(_udivsi3.o)
                              _build/stm32f0xx/system_stm32f0xx.c.o (__aeabi_uidiv)
/Users/srcnert/Documents/Embedded_Doc/tools/gcc-arm-none-eabi-7-2018-q2/bin/../lib/gcc/arm-none-eabi/7.3.1/thumb/v6-m/libgcc.a(_divsi3.o)
                              _build/stm32f0xx/system_stm32f0xx.c.o (__aeabi_idiv)
/Users/srcnert/Documents/Embedded_Doc/tools/gcc-arm-none-eabi-7-2018-q2/bin/../lib/gcc/arm-none-eabi/7.3.1/thumb/v6-m/libgcc.a(_dvmd_tls.o)
                              /Users/srcnert/Documents/Embedded_Doc/tools/gcc-arm-none-eabi-7-2018-q2/bin/../lib/gcc/arm-none-eabi/7.3.1/thumb/v6-m/libgcc.a(_udivsi3.o) (__aeabi_idiv0)

Allocating common symbols
Common symbol       size              file

p_error_info        0x4               _build/stm32f0xx/main.c.o
rx_data             0x100             _build/stm32f0xx/my_usart_drv.c.o
GPIO_InitStructure  0x8               _build/stm32f0xx/main.c.o
_SEGGER_RTT         0xa8              _build/stm32f0xx/SEGGER_RTT.c.o

Discarded input sections

 .text          0x0000000000000000        0x0 /Users/srcnert/Documents/Embedded_Doc/tools/gcc-arm-none-eabi-7-2018-q2/bin/../lib/gcc/arm-none-eabi/7.3.1/thumb/v6-m/crti.o
 .data          0x0000000000000000        0x0 /Users/srcnert/Documents/Embedded_Doc/tools/gcc-arm-none-eabi-7-2018-q2/bin/../lib/gcc/arm-none-eabi/7.3.1/thumb/v6-m/crti.o
 .bss           0x0000000000000000        0x0 /Users/srcnert/Documents/Embedded_Doc/tools/gcc-arm-none-eabi-7-2018-q2/bin/../lib/gcc/arm-none-eabi/7.3.1/thumb/v6-m/crti.o
 .text          0x0000000000000000       0x48 /Users/srcnert/Documents/Embedded_Doc/tools/gcc-arm-none-eabi-7-2018-q2/bin/../lib/gcc/arm-none-eabi/7.3.1/thumb/v6-m/crtbegin.o
 .data          0x0000000000000000        0x4 /Users/srcnert/Documents/Embedded_Doc/tools/gcc-arm-none-eabi-7-2018-q2/bin/../lib/gcc/arm-none-eabi/7.3.1/thumb/v6-m/crtbegin.o
 .bss           0x0000000000000000       0x1c /Users/srcnert/Documents/Embedded_Doc/tools/gcc-arm-none-eabi-7-2018-q2/bin/../lib/gcc/arm-none-eabi/7.3.1/thumb/v6-m/crtbegin.o
[...]
Memory Configuration

Name             Origin             Length             Attributes
FLASH            0x0000000008000000 0x0000000000010000 xr
RAM              0x0000000020000000 0x0000000000002000 xrw
*default*        0x0000000000000000 0xffffffffffffffff

Linker script and memory map

LOAD /Users/srcnert/Documents/Embedded_Doc/tools/gcc-arm-none-eabi-7-2018-q2/bin/../lib/gcc/arm-none-eabi/7.3.1/thumb/v6-m/crti.o
LOAD /Users/srcnert/Documents/Embedded_Doc/tools/gcc-arm-none-eabi-7-2018-q2/bin/../lib/gcc/arm-none-eabi/7.3.1/thumb/v6-m/crtbegin.o
LOAD /Users/srcnert/Documents/Embedded_Doc/tools/gcc-arm-none-eabi-7-2018-q2/bin/../lib/gcc/arm-none-eabi/7.3.1/../../../../arm-none-eabi/lib/thumb/v6-m/crt0.o
LOAD _build/stm32f0xx/main.c.o
LOAD _build/stm32f0xx/stm32f0xx_it.c.o
LOAD _build/stm32f0xx/system_stm32f0xx.c.o
LOAD _build/stm32f0xx/stm32f0_discovery.c.o
LOAD _build/stm32f0xx/stm32f0xx_rcc.c.o
LOAD _build/stm32f0xx/stm32f0xx_misc.c.o
LOAD _build/stm32f0xx/stm32f0xx_gpio.c.o
LOAD _build/stm32f0xx/stm32f0xx_syscfg.c.o
LOAD _build/stm32f0xx/stm32f0xx_exti.c.o
LOAD _build/stm32f0xx/error_check.c.o
LOAD _build/stm32f0xx/critical_state.c.o
LOAD _build/stm32f0xx/rtt_log.c.o
LOAD _build/stm32f0xx/SEGGER_RTT.c.o
LOAD _build/stm32f0xx/SEGGER_RTT_printf.c.o
LOAD _build/stm32f0xx/startup_stm32f0xx_gcc.s.o.o
LOAD _build/stm32f0xx/my_gpio_drv.c.o
LOAD _build/stm32f0xx/my_usart_drv.c.o
LOAD /Users/srcnert/Documents/Embedded_Doc/tools/gcc-arm-none-eabi-7-2018-q2/bin/../lib/gcc/arm-none-eabi/7.3.1/../../../../arm-none-eabi/lib/thumb/v6-m/libc_nano.a
LOAD /Users/srcnert/Documents/Embedded_Doc/tools/gcc-arm-none-eabi-7-2018-q2/bin/../lib/gcc/arm-none-eabi/7.3.1/../../../../arm-none-eabi/lib/thumb/v6-m/libnosys.a
LOAD /Users/srcnert/Documents/Embedded_Doc/tools/gcc-arm-none-eabi-7-2018-q2/bin/../lib/gcc/arm-none-eabi/7.3.1/../../../../arm-none-eabi/lib/thumb/v6-m/libm.a
START GROUP
LOAD /Users/srcnert/Documents/Embedded_Doc/tools/gcc-arm-none-eabi-7-2018-q2/bin/../lib/gcc/arm-none-eabi/7.3.1/thumb/v6-m/libgcc.a
LOAD /Users/srcnert/Documents/Embedded_Doc/tools/gcc-arm-none-eabi-7-2018-q2/bin/../lib/gcc/arm-none-eabi/7.3.1/../../../../arm-none-eabi/lib/thumb/v6-m/libg_nano.a
LOAD /Users/srcnert/Documents/Embedded_Doc/tools/gcc-arm-none-eabi-7-2018-q2/bin/../lib/gcc/arm-none-eabi/7.3.1/../../../../arm-none-eabi/lib/thumb/v6-m/libc_nano.a
END GROUP
START GROUP
LOAD /Users/srcnert/Documents/Embedded_Doc/tools/gcc-arm-none-eabi-7-2018-q2/bin/../lib/gcc/arm-none-eabi/7.3.1/thumb/v6-m/libgcc.a
LOAD /Users/srcnert/Documents/Embedded_Doc/tools/gcc-arm-none-eabi-7-2018-q2/bin/../lib/gcc/arm-none-eabi/7.3.1/../../../../arm-none-eabi/lib/thumb/v6-m/libc_nano.a
END GROUP
LOAD /Users/srcnert/Documents/Embedded_Doc/tools/gcc-arm-none-eabi-7-2018-q2/bin/../lib/gcc/arm-none-eabi/7.3.1/thumb/v6-m/crtend.o
LOAD /Users/srcnert/Documents/Embedded_Doc/tools/gcc-arm-none-eabi-7-2018-q2/bin/../lib/gcc/arm-none-eabi/7.3.1/thumb/v6-m/crtn.o
                0x0000000020002000                _estack = 0x20002000

.isr_vector     0x0000000008000000       0xc4
                0x0000000008000000                . = ALIGN (0x4)
 *(.isr_vector)
 .isr_vector    0x0000000008000000       0xc4 _build/stm32f0xx/startup_stm32f0xx_gcc.s.o.o
                0x0000000008000000                g_pfnVectors
                0x00000000080000c4                . = ALIGN (0x4)

.text           0x00000000080000c4     0x1970
                0x00000000080000c4                . = ALIGN (0x4)
 *(.text)
 .text          0x00000000080000c4        0xe /Users/srcnert/Documents/Embedded_Doc/tools/gcc-arm-none-eabi-7-2018-q2/bin/../lib/gcc/arm-none-eabi/7.3.1/../../../../arm-none-eabi/lib/thumb/v6-m/libc_nano.a(lib_a-strlen.o)
                0x00000000080000c4                strlen
 *fill*         0x00000000080000d2        0x2 
 .text          0x00000000080000d4      0x114 /Users/srcnert/Documents/Embedded_Doc/tools/gcc-arm-none-eabi-7-2018-q2/bin/../lib/gcc/arm-none-eabi/7.3.1/thumb/v6-m/libgcc.a(_udivsi3.o)
                0x00000000080000d4                __udivsi3
                0x00000000080000d4                __aeabi_uidiv
                0x00000000080001e0                __aeabi_uidivmod
 .text          0x00000000080001e8      0x1d4 /Users/srcnert/Documents/Embedded_Doc/tools/gcc-arm-none-eabi-7-2018-q2/bin/../lib/gcc/arm-none-eabi/7.3.1/thumb/v6-m/libgcc.a(_divsi3.o)
                0x00000000080001e8                __aeabi_idiv
                0x00000000080001e8                __divsi3
                0x00000000080003b4                __aeabi_idivmod
 .text          0x00000000080003bc        0x4 /Users/srcnert/Documents/Embedded_Doc/tools/gcc-arm-none-eabi-7-2018-q2/bin/../lib/gcc/arm-none-eabi/7.3.1/thumb/v6-m/libgcc.a(_dvmd_tls.o)
                0x00000000080003bc                __aeabi_ldiv0
                0x00000000080003bc                __aeabi_idiv0
 *(.text.*)
 .text.startup.main
                0x00000000080003c0      0x12c _build/stm32f0xx/main.c.o
                0x00000000080003c0                main
 .text.HardFault_Handler
                0x00000000080004ec       0x24 _build/stm32f0xx/main.c.o
                0x00000000080004ec                HardFault_Handler
 .text.NMI_Handler
                0x0000000008000510        0x4 _build/stm32f0xx/stm32f0xx_it.c.o
                0x0000000008000510                NMI_Handler
 .text.SVC_Handler
                0x0000000008000514        0x4 _build/stm32f0xx/stm32f0xx_it.c.o
                0x0000000008000514                SVC_Handler
 .text.PendSV_Handler
                0x0000000008000518        0x4 _build/stm32f0xx/stm32f0xx_it.c.o
                0x0000000008000518                PendSV_Handler
 .text.SysTick_Handler
                0x000000000800051c        0x4 _build/stm32f0xx/stm32f0xx_it.c.o
                0x000000000800051c                SysTick_Handler
 .text.EXTI0_1_IRQHandler
                0x0000000008000520       0x54 _build/stm32f0xx/stm32f0xx_it.c.o
                0x0000000008000520                EXTI0_1_IRQHandler
 .text.SystemInit
                0x0000000008000574      0x11c _build/stm32f0xx/system_stm32f0xx.c.o
                0x0000000008000574                SystemInit
 .text.critical_state_enter
                0x0000000008000690        0x4 _build/stm32f0xx/critical_state.c.o
                0x0000000008000690                critical_state_enter
 .text.critical_state_exit
                0x0000000008000694        0x4 _build/stm32f0xx/critical_state.c.o
                0x0000000008000694                critical_state_exit
 .text.rtt_log_general_print
                0x0000000008000698       0xe8 _build/stm32f0xx/rtt_log.c.o
                0x0000000008000698                rtt_log_general_print
 .text.SEGGER_RTT_Write
                0x0000000008000780      0x1f0 _build/stm32f0xx/SEGGER_RTT.c.o
                0x0000000008000780                SEGGER_RTT_Write
 .text.SEGGER_RTT_WriteString
                0x0000000008000970      0x1f4 _build/stm32f0xx/SEGGER_RTT.c.o
                0x0000000008000970                SEGGER_RTT_WriteString
 .text.SEGGER_RTT_ConfigUpBuffer
                0x0000000008000b64       0xbc _build/stm32f0xx/SEGGER_RTT.c.o
                0x0000000008000b64                SEGGER_RTT_ConfigUpBuffer
 .text.SEGGER_RTT_SetTerminal
                0x0000000008000c20      0x16c _build/stm32f0xx/SEGGER_RTT.c.o
                0x0000000008000c20                SEGGER_RTT_SetTerminal
 .text._PrintUnsigned
                0x0000000008000d8c      0x1e8 _build/stm32f0xx/SEGGER_RTT_printf.c.o
 .text.SEGGER_RTT_vprintf
                0x0000000008000f74      0x578 _build/stm32f0xx/SEGGER_RTT_printf.c.o
                0x0000000008000f74                SEGGER_RTT_vprintf
 .text.SEGGER_RTT_printf
                0x00000000080014ec       0x1c _build/stm32f0xx/SEGGER_RTT_printf.c.o
                0x00000000080014ec                SEGGER_RTT_printf
 .text.Reset_Handler
                0x0000000008001508       0x50 _build/stm32f0xx/startup_stm32f0xx_gcc.s.o.o
                0x0000000008001508                Reset_Handler
 .text.Default_Handler
                0x0000000008001558        0x2 _build/stm32f0xx/startup_stm32f0xx_gcc.s.o.o
                0x0000000008001558                TIM1_BRK_UP_TRG_COM_IRQHandler
                0x0000000008001558                ADC1_COMP_IRQHandler
                0x0000000008001558                PVD_IRQHandler
                0x0000000008001558                I2C1_IRQHandler
                0x0000000008001558                SPI1_IRQHandler
                0x0000000008001558                TIM6_DAC_IRQHandler
                0x0000000008001558                EXTI2_3_IRQHandler
                0x0000000008001558                I2C2_IRQHandler
                0x0000000008001558                TIM17_IRQHandler
                0x0000000008001558                RTC_IRQHandler
                0x0000000008001558                TIM16_IRQHandler
                0x0000000008001558                TIM3_IRQHandler
                0x0000000008001558                EXTI4_15_IRQHandler
                0x0000000008001558                RCC_IRQHandler
                0x0000000008001558                DMA1_Channel1_IRQHandler
                0x0000000008001558                Default_Handler
                0x0000000008001558                CEC_IRQHandler
                0x0000000008001558                TIM14_IRQHandler
                0x0000000008001558                DMA1_Channel4_5_IRQHandler
                0x0000000008001558                TIM15_IRQHandler
                0x0000000008001558                SPI2_IRQHandler
                0x0000000008001558                TS_IRQHandler
                0x0000000008001558                WWDG_IRQHandler
                0x0000000008001558                TIM2_IRQHandler
                0x0000000008001558                DMA1_Channel2_3_IRQHandler
                0x0000000008001558                USART2_IRQHandler
                0x0000000008001558                FLASH_IRQHandler
                0x0000000008001558                TIM1_CC_IRQHandler
 *fill*         0x000000000800155a        0x2 
 .text.my_drv_gpio_write_pin
                0x000000000800155c       0x20 _build/stm32f0xx/my_gpio_drv.c.o
                0x000000000800155c                my_drv_gpio_write_pin
 .text.my_drv_gpio_toggle_pin
                0x000000000800157c       0x10 _build/stm32f0xx/my_gpio_drv.c.o
                0x000000000800157c                my_drv_gpio_toggle_pin
 .text.my_drv_gpio_init
                0x000000000800158c       0xe4 _build/stm32f0xx/my_gpio_drv.c.o
                0x000000000800158c                my_drv_gpio_init
 .text.my_drv_gpio_pin_output
                0x0000000008001670       0xc4 _build/stm32f0xx/my_gpio_drv.c.o
                0x0000000008001670                my_drv_gpio_pin_output
 .text.USART1_IRQHandler
                0x0000000008001734       0x90 _build/stm32f0xx/my_usart_drv.c.o
                0x0000000008001734                USART1_IRQHandler
 .text.my_drv_usart_init
                0x00000000080017c4       0xd0 _build/stm32f0xx/my_usart_drv.c.o
                0x00000000080017c4                my_drv_usart_init
 .text.my_drv_usart_send_char
                0x0000000008001894       0x14 _build/stm32f0xx/my_usart_drv.c.o
                0x0000000008001894                my_drv_usart_send_char
 .text.__libc_init_array
                0x00000000080018a8       0x48 /Users/srcnert/Documents/Embedded_Doc/tools/gcc-arm-none-eabi-7-2018-q2/bin/../lib/gcc/arm-none-eabi/7.3.1/../../../../arm-none-eabi/lib/thumb/v6-m/libc_nano.a(lib_a-init.o)
                0x00000000080018a8                __libc_init_array
 .text.memcpy   0x00000000080018f0       0x12 /Users/srcnert/Documents/Embedded_Doc/tools/gcc-arm-none-eabi-7-2018-q2/bin/../lib/gcc/arm-none-eabi/7.3.1/../../../../arm-none-eabi/lib/thumb/v6-m/libc_nano.a(lib_a-memcpy-stub.o)
                0x00000000080018f0                memcpy
 .text.strcpy   0x0000000008001902       0x10 /Users/srcnert/Documents/Embedded_Doc/tools/gcc-arm-none-eabi-7-2018-q2/bin/../lib/gcc/arm-none-eabi/7.3.1/../../../../arm-none-eabi/lib/thumb/v6-m/libc_nano.a(lib_a-strcpy.o)
                0x0000000008001902                strcpy
 *(.rodata)
 *(.rodata*)
 *fill*         0x0000000008001912        0x2 
 .rodata.HardFault_Handler.str1.4
                0x0000000008001914        0xb _build/stm32f0xx/main.c.o
 *fill*         0x000000000800191f        0x1 
 .rodata.main.str1.4
                0x0000000008001920       0x22 _build/stm32f0xx/main.c.o
 *fill*         0x0000000008001942        0x2 
 .rodata.EXTI0_1_IRQHandler.str1.4
                0x0000000008001944       0x2e _build/stm32f0xx/stm32f0xx_it.c.o
 *fill*         0x0000000008001972        0x2 
 .rodata.rtt_log_general_print.str1.4
                0x0000000008001974       0x27 _build/stm32f0xx/rtt_log.c.o
 *fill*         0x000000000800199b        0x1 
 .rodata.SEGGER_RTT_ReadNoLock.str1.4
                0x000000000800199c       0x17 _build/stm32f0xx/SEGGER_RTT.c.o
 *fill*         0x00000000080019b3        0x1 
 .rodata._aTerminalId
                0x00000000080019b4       0x10 _build/stm32f0xx/SEGGER_RTT.c.o
 .rodata._aV2C.4255
                0x00000000080019c4       0x10 _build/stm32f0xx/SEGGER_RTT_printf.c.o
 .rodata.USART1_IRQHandler.str1.4
                0x00000000080019d4       0x48 _build/stm32f0xx/my_usart_drv.c.o
                                         0x4d (size before relaxing)
 *(.glue_7)
 .glue_7        0x0000000008001a1c        0x0 linker stubs
 *(.glue_7t)
 .glue_7t       0x0000000008001a1c        0x0 linker stubs
 *(.init)
 .init          0x0000000008001a1c        0x4 /Users/srcnert/Documents/Embedded_Doc/tools/gcc-arm-none-eabi-7-2018-q2/bin/../lib/gcc/arm-none-eabi/7.3.1/thumb/v6-m/crti.o
                0x0000000008001a1c                _init
 .init          0x0000000008001a20        0x8 /Users/srcnert/Documents/Embedded_Doc/tools/gcc-arm-none-eabi-7-2018-q2/bin/../lib/gcc/arm-none-eabi/7.3.1/thumb/v6-m/crtn.o
 *(.fini)
 .fini          0x0000000008001a28        0x4 /Users/srcnert/Documents/Embedded_Doc/tools/gcc-arm-none-eabi-7-2018-q2/bin/../lib/gcc/arm-none-eabi/7.3.1/thumb/v6-m/crti.o
                0x0000000008001a28                _fini
 .fini          0x0000000008001a2c        0x8 /Users/srcnert/Documents/Embedded_Doc/tools/gcc-arm-none-eabi-7-2018-q2/bin/../lib/gcc/arm-none-eabi/7.3.1/thumb/v6-m/crtn.o
                0x0000000008001a34                . = ALIGN (0x4)
                0x0000000008001a34                _etext = .
                0x0000000008001a34                _sidata = _etext

.vfp11_veneer   0x0000000008001a34        0x0
 .vfp11_veneer  0x0000000008001a34        0x0 linker stubs

.v4_bx          0x0000000008001a34        0x0
 .v4_bx         0x0000000008001a34        0x0 linker stubs

.iplt           0x0000000008001a34        0x0
 .iplt          0x0000000008001a34        0x0 _build/stm32f0xx/main.c.o

.rel.dyn        0x0000000008001a34        0x0
 .rel.iplt      0x0000000008001a34        0x0 _build/stm32f0xx/main.c.o

.data           0x0000000020000000        0x0 load address 0x0000000008001a34
                0x0000000020000000                . = ALIGN (0x4)
                0x0000000020000000                _sdata = .
                0x0000000020000000                _data = .
 *(.data)
 *(.data.*)
 *(.RAMtext)
                0x0000000020000000                . = ALIGN (0x4)
                0x0000000020000000                _edata = .

.igot.plt       0x0000000020000000        0x0
 .igot.plt      0x0000000020000000        0x0 _build/stm32f0xx/main.c.o

.bss            0x0000000020000000      0x628
                0x0000000020000000                . = ALIGN (0x4)
                0x0000000020000000                _sbss = .
                0x0000000020000000                _bss = .
 *(.bss)
 *(.bss.*)
 .bss.buffer    0x0000000020000000       0x64 _build/stm32f0xx/rtt_log.c.o
 .bss.initialized.3754
                0x0000000020000064        0x4 _build/stm32f0xx/rtt_log.c.o
 .bss._ActiveTerminal
                0x0000000020000068        0x1 _build/stm32f0xx/SEGGER_RTT.c.o
 *fill*         0x0000000020000069        0x3 
 .bss._acDownBuffer
                0x000000002000006c       0x10 _build/stm32f0xx/SEGGER_RTT.c.o
 .bss._acUpBuffer
                0x000000002000007c      0x400 _build/stm32f0xx/SEGGER_RTT.c.o
 .bss.i.6051    0x000000002000047c        0x1 _build/stm32f0xx/my_usart_drv.c.o
 .bss.rx_ready  0x000000002000047d        0x1 _build/stm32f0xx/my_usart_drv.c.o
                0x000000002000047d                rx_ready
 .bss.tx_ready  0x000000002000047e        0x1 _build/stm32f0xx/my_usart_drv.c.o
                0x000000002000047e                tx_ready
 *(COMMON)
 *fill*         0x000000002000047f        0x1 
 COMMON         0x0000000020000480       0xa8 _build/stm32f0xx/SEGGER_RTT.c.o
                0x0000000020000480                _SEGGER_RTT
 COMMON         0x0000000020000528      0x100 _build/stm32f0xx/my_usart_drv.c.o
                0x0000000020000528                rx_data
                0x0000000020000628                . = ALIGN (0x4)
                0x0000000020000628                _ebss = .
                [!provide]                        PROVIDE (end = _ebss)
                [!provide]                        PROVIDE (_end = _ebss)
                0x0000000020000628                __exidx_start = .
                0x0000000020000628                __exidx_end = .

/DISCARD/
 libc.a(*)
 libm.a(*)
 libgcc.a(*)

.stab
 *(.stab)

.stabstr
 *(.stabstr)

.stab.excl
 *(.stab.excl)

.stab.exclstr
 *(.stab.exclstr)

.stab.index
 *(.stab.index)

.stab.indexstr
 *(.stab.indexstr)

.comment        0x0000000000000000       0x7f
 *(.comment)
 .comment       0x0000000000000000       0x7f _build/stm32f0xx/main.c.o
                                         0x80 (size before relaxing)
 .comment       0x000000000000007f       0x80 _build/stm32f0xx/stm32f0xx_it.c.o
 .comment       0x000000000000007f       0x80 _build/stm32f0xx/system_stm32f0xx.c.o
 .comment       0x000000000000007f       0x80 _build/stm32f0xx/critical_state.c.o
 .comment       0x000000000000007f       0x80 _build/stm32f0xx/rtt_log.c.o
 .comment       0x000000000000007f       0x80 _build/stm32f0xx/SEGGER_RTT.c.o
 .comment       0x000000000000007f       0x80 _build/stm32f0xx/SEGGER_RTT_printf.c.o
 .comment       0x000000000000007f       0x80 _build/stm32f0xx/my_gpio_drv.c.o
 .comment       0x000000000000007f       0x80 _build/stm32f0xx/my_usart_drv.c.o

.ARM.attributes
                0x0000000000000000       0x28
 .ARM.attributes
                0x0000000000000000       0x1e /Users/srcnert/Documents/Embedded_Doc/tools/gcc-arm-none-eabi-7-2018-q2/bin/../lib/gcc/arm-none-eabi/7.3.1/thumb/v6-m/crti.o
 .ARM.attributes
                0x000000000000001e       0x31 _build/stm32f0xx/main.c.o
 .ARM.attributes
                0x000000000000004f       0x31 _build/stm32f0xx/stm32f0xx_it.c.o
 .ARM.attributes
                0x0000000000000080       0x31 _build/stm32f0xx/system_stm32f0xx.c.o
 .ARM.attributes
                0x00000000000000b1       0x31 _build/stm32f0xx/critical_state.c.o
 .ARM.attributes
                0x00000000000000e2       0x31 _build/stm32f0xx/rtt_log.c.o
 .ARM.attributes
                0x0000000000000113       0x31 _build/stm32f0xx/SEGGER_RTT.c.o
 .ARM.attributes
                0x0000000000000144       0x31 _build/stm32f0xx/SEGGER_RTT_printf.c.o
 .ARM.attributes
                0x0000000000000175       0x21 _build/stm32f0xx/startup_stm32f0xx_gcc.s.o.o
 .ARM.attributes
                0x0000000000000196       0x31 _build/stm32f0xx/my_gpio_drv.c.o
 .ARM.attributes
                0x00000000000001c7       0x31 _build/stm32f0xx/my_usart_drv.c.o
 .ARM.attributes
                0x00000000000001f8       0x2c /Users/srcnert/Documents/Embedded_Doc/tools/gcc-arm-none-eabi-7-2018-q2/bin/../lib/gcc/arm-none-eabi/7.3.1/../../../../arm-none-eabi/lib/thumb/v6-m/libc_nano.a(lib_a-init.o)
 .ARM.attributes
                0x0000000000000224       0x2c /Users/srcnert/Documents/Embedded_Doc/tools/gcc-arm-none-eabi-7-2018-q2/bin/../lib/gcc/arm-none-eabi/7.3.1/../../../../arm-none-eabi/lib/thumb/v6-m/libc_nano.a(lib_a-memcpy-stub.o)
 .ARM.attributes
                0x0000000000000250       0x2c /Users/srcnert/Documents/Embedded_Doc/tools/gcc-arm-none-eabi-7-2018-q2/bin/../lib/gcc/arm-none-eabi/7.3.1/../../../../arm-none-eabi/lib/thumb/v6-m/libc_nano.a(lib_a-strcpy.o)
 .ARM.attributes
                0x000000000000027c       0x1c /Users/srcnert/Documents/Embedded_Doc/tools/gcc-arm-none-eabi-7-2018-q2/bin/../lib/gcc/arm-none-eabi/7.3.1/../../../../arm-none-eabi/lib/thumb/v6-m/libc_nano.a(lib_a-strlen.o)
 .ARM.attributes
                0x0000000000000298       0x1e /Users/srcnert/Documents/Embedded_Doc/tools/gcc-arm-none-eabi-7-2018-q2/bin/../lib/gcc/arm-none-eabi/7.3.1/thumb/v6-m/libgcc.a(_udivsi3.o)
 .ARM.attributes
                0x00000000000002b6       0x1e /Users/srcnert/Documents/Embedded_Doc/tools/gcc-arm-none-eabi-7-2018-q2/bin/../lib/gcc/arm-none-eabi/7.3.1/thumb/v6-m/libgcc.a(_divsi3.o)
 .ARM.attributes
                0x00000000000002d4       0x1e /Users/srcnert/Documents/Embedded_Doc/tools/gcc-arm-none-eabi-7-2018-q2/bin/../lib/gcc/arm-none-eabi/7.3.1/thumb/v6-m/libgcc.a(_dvmd_tls.o)
 .ARM.attributes
                0x00000000000002f2       0x1e /Users/srcnert/Documents/Embedded_Doc/tools/gcc-arm-none-eabi-7-2018-q2/bin/../lib/gcc/arm-none-eabi/7.3.1/thumb/v6-m/crtn.o

.debug
 *(.debug)

.line
 *(.line)

.debug_srcinfo
 *(.debug_srcinfo)

.debug_sfnames
 *(.debug_sfnames)

.debug_aranges  0x0000000000000000      0x290
 *(.debug_aranges)
 .debug_aranges
                0x0000000000000000       0x30 _build/stm32f0xx/main.c.o
 .debug_aranges
                0x0000000000000030       0x28 _build/stm32f0xx/stm32f0xx_it.c.o
 .debug_aranges
                0x0000000000000058       0x28 _build/stm32f0xx/system_stm32f0xx.c.o
 .debug_aranges
                0x0000000000000080       0x20 _build/stm32f0xx/critical_state.c.o
 .debug_aranges
                0x00000000000000a0       0x20 _build/stm32f0xx/rtt_log.c.o
 .debug_aranges
                0x00000000000000c0       0xe0 _build/stm32f0xx/SEGGER_RTT.c.o
 .debug_aranges
                0x00000000000001a0       0x30 _build/stm32f0xx/SEGGER_RTT_printf.c.o
 .debug_aranges
                0x00000000000001d0       0x28 _build/stm32f0xx/startup_stm32f0xx_gcc.s.o.o
 .debug_aranges
                0x00000000000001f8       0x68 _build/stm32f0xx/my_gpio_drv.c.o
 .debug_aranges
                0x0000000000000260       0x30 _build/stm32f0xx/my_usart_drv.c.o

.debug_pubnames
 *(.debug_pubnames)

.debug_info     0x0000000000000000     0x760d
 *(.debug_info .gnu.linkonce.wi.*)
 .debug_info    0x0000000000000000      0xbed _build/stm32f0xx/main.c.o
 .debug_info    0x0000000000000bed      0x488 _build/stm32f0xx/stm32f0xx_it.c.o
 .debug_info    0x0000000000001075      0x322 _build/stm32f0xx/system_stm32f0xx.c.o
 .debug_info    0x0000000000001397       0xc7 _build/stm32f0xx/critical_state.c.o
 .debug_info    0x000000000000145e      0x3cd _build/stm32f0xx/rtt_log.c.o
 .debug_info    0x000000000000182b     0x2f96 _build/stm32f0xx/SEGGER_RTT.c.o
 .debug_info    0x00000000000047c1     0x1260 _build/stm32f0xx/SEGGER_RTT_printf.c.o
 .debug_info    0x0000000000005a21       0x22 _build/stm32f0xx/startup_stm32f0xx_gcc.s.o.o
 .debug_info    0x0000000000005a43      0xe77 _build/stm32f0xx/my_gpio_drv.c.o
 .debug_info    0x00000000000068ba      0xd53 _build/stm32f0xx/my_usart_drv.c.o

.debug_abbrev   0x0000000000000000     0x12b1
 *(.debug_abbrev)
 .debug_abbrev  0x0000000000000000      0x1d9 _build/stm32f0xx/main.c.o
 .debug_abbrev  0x00000000000001d9      0x172 _build/stm32f0xx/stm32f0xx_it.c.o
 .debug_abbrev  0x000000000000034b      0x171 _build/stm32f0xx/system_stm32f0xx.c.o
 .debug_abbrev  0x00000000000004bc       0x8c _build/stm32f0xx/critical_state.c.o
 .debug_abbrev  0x0000000000000548      0x152 _build/stm32f0xx/rtt_log.c.o
 .debug_abbrev  0x000000000000069a      0x395 _build/stm32f0xx/SEGGER_RTT.c.o
 .debug_abbrev  0x0000000000000a2f      0x390 _build/stm32f0xx/SEGGER_RTT_printf.c.o
 .debug_abbrev  0x0000000000000dbf       0x12 _build/stm32f0xx/startup_stm32f0xx_gcc.s.o.o
 .debug_abbrev  0x0000000000000dd1      0x262 _build/stm32f0xx/my_gpio_drv.c.o
 .debug_abbrev  0x0000000000001033      0x27e _build/stm32f0xx/my_usart_drv.c.o

.debug_line     0x0000000000000000     0x39d8
 *(.debug_line)
 .debug_line    0x0000000000000000      0x6a2 _build/stm32f0xx/main.c.o
 .debug_line    0x00000000000006a2      0x5e8 _build/stm32f0xx/stm32f0xx_it.c.o
 .debug_line    0x0000000000000c8a      0x55f _build/stm32f0xx/system_stm32f0xx.c.o
 .debug_line    0x00000000000011e9      0x51d _build/stm32f0xx/critical_state.c.o
 .debug_line    0x0000000000001706      0x177 _build/stm32f0xx/rtt_log.c.o
 .debug_line    0x000000000000187d      0xdda _build/stm32f0xx/SEGGER_RTT.c.o
 .debug_line    0x0000000000002657      0x564 _build/stm32f0xx/SEGGER_RTT_printf.c.o
 .debug_line    0x0000000000002bbb       0x96 _build/stm32f0xx/startup_stm32f0xx_gcc.s.o.o
 .debug_line    0x0000000000002c51      0x6f7 _build/stm32f0xx/my_gpio_drv.c.o
 .debug_line    0x0000000000003348      0x690 _build/stm32f0xx/my_usart_drv.c.o

.debug_frame    0x0000000000000000      0x78c
 *(.debug_frame)
 .debug_frame   0x0000000000000000       0x64 _build/stm32f0xx/main.c.o
 .debug_frame   0x0000000000000064       0x6c _build/stm32f0xx/stm32f0xx_it.c.o
 .debug_frame   0x00000000000000d0       0x40 _build/stm32f0xx/system_stm32f0xx.c.o
 .debug_frame   0x0000000000000110       0x30 _build/stm32f0xx/critical_state.c.o
 .debug_frame   0x0000000000000140       0x38 _build/stm32f0xx/rtt_log.c.o
 .debug_frame   0x0000000000000178      0x398 _build/stm32f0xx/SEGGER_RTT.c.o
 .debug_frame   0x0000000000000510       0x84 _build/stm32f0xx/SEGGER_RTT_printf.c.o
 .debug_frame   0x0000000000000594       0xec _build/stm32f0xx/my_gpio_drv.c.o
 .debug_frame   0x0000000000000680       0x58 _build/stm32f0xx/my_usart_drv.c.o
 .debug_frame   0x00000000000006d8       0x2c /Users/srcnert/Documents/Embedded_Doc/tools/gcc-arm-none-eabi-7-2018-q2/bin/../lib/gcc/arm-none-eabi/7.3.1/../../../../arm-none-eabi/lib/thumb/v6-m/libc_nano.a(lib_a-init.o)
 .debug_frame   0x0000000000000704       0x28 /Users/srcnert/Documents/Embedded_Doc/tools/gcc-arm-none-eabi-7-2018-q2/bin/../lib/gcc/arm-none-eabi/7.3.1/../../../../arm-none-eabi/lib/thumb/v6-m/libc_nano.a(lib_a-memcpy-stub.o)
 .debug_frame   0x000000000000072c       0x20 /Users/srcnert/Documents/Embedded_Doc/tools/gcc-arm-none-eabi-7-2018-q2/bin/../lib/gcc/arm-none-eabi/7.3.1/../../../../arm-none-eabi/lib/thumb/v6-m/libc_nano.a(lib_a-strcpy.o)
 .debug_frame   0x000000000000074c       0x20 /Users/srcnert/Documents/Embedded_Doc/tools/gcc-arm-none-eabi-7-2018-q2/bin/../lib/gcc/arm-none-eabi/7.3.1/thumb/v6-m/libgcc.a(_udivsi3.o)
 .debug_frame   0x000000000000076c       0x20 /Users/srcnert/Documents/Embedded_Doc/tools/gcc-arm-none-eabi-7-2018-q2/bin/../lib/gcc/arm-none-eabi/7.3.1/thumb/v6-m/libgcc.a(_divsi3.o)

.debug_str      0x0000000000000000    0x4d77d
 *(.debug_str)
 .debug_str     0x0000000000000000    0x498bf _build/stm32f0xx/main.c.o
                                      0x49a9c (size before relaxing)
 .debug_str     0x00000000000498bf       0xa6 _build/stm32f0xx/stm32f0xx_it.c.o
                                      0x48fae (size before relaxing)
 .debug_str     0x0000000000049965      0x105 _build/stm32f0xx/system_stm32f0xx.c.o
                                      0x4852f (size before relaxing)
 .debug_str     0x0000000000049a6a       0x54 _build/stm32f0xx/critical_state.c.o
                                      0x484b2 (size before relaxing)
 .debug_str     0x0000000000049abe      0x21e _build/stm32f0xx/rtt_log.c.o
                                       0x3900 (size before relaxing)
 .debug_str     0x0000000000049cdc     0x339b _build/stm32f0xx/SEGGER_RTT.c.o
                                       0x6d92 (size before relaxing)
 .debug_str     0x000000000004d077      0x1fa _build/stm32f0xx/SEGGER_RTT_printf.c.o
                                       0x6b7d (size before relaxing)
 .debug_str     0x000000000004d271       0x42 _build/stm32f0xx/startup_stm32f0xx_gcc.s.o.o
                                         0x85 (size before relaxing)
 .debug_str     0x000000000004d2b3      0x421 _build/stm32f0xx/my_gpio_drv.c.o
                                      0x48d0d (size before relaxing)
 .debug_str     0x000000000004d6d4       0xa9 _build/stm32f0xx/my_usart_drv.c.o
                                      0x49858 (size before relaxing)

.debug_loc      0x0000000000000000     0x69e0
 *(.debug_loc)
 .debug_loc     0x0000000000000000       0x30 _build/stm32f0xx/main.c.o
 .debug_loc     0x0000000000000030       0xfe _build/stm32f0xx/system_stm32f0xx.c.o
 .debug_loc     0x000000000000012e      0x229 _build/stm32f0xx/rtt_log.c.o
 .debug_loc     0x0000000000000357     0x4cb7 _build/stm32f0xx/SEGGER_RTT.c.o
 .debug_loc     0x000000000000500e     0x1204 _build/stm32f0xx/SEGGER_RTT_printf.c.o
 .debug_loc     0x0000000000006212      0x68d _build/stm32f0xx/my_gpio_drv.c.o
 .debug_loc     0x000000000000689f      0x141 _build/stm32f0xx/my_usart_drv.c.o

.debug_macinfo
 *(.debug_macinfo)

.debug_weaknames
 *(.debug_weaknames)

.debug_funcnames
 *(.debug_funcnames)

.debug_typenames
 *(.debug_typenames)

.debug_varnames
 *(.debug_varnames)
OUTPUT(_build/stm32f0xx.out elf32-littlearm)

.debug_ranges   0x0000000000000000      0xa00
 .debug_ranges  0x0000000000000000       0x20 _build/stm32f0xx/main.c.o
 .debug_ranges  0x0000000000000020       0x18 _build/stm32f0xx/stm32f0xx_it.c.o
 .debug_ranges  0x0000000000000038       0x38 _build/stm32f0xx/system_stm32f0xx.c.o
 .debug_ranges  0x0000000000000070       0x10 _build/stm32f0xx/critical_state.c.o
 .debug_ranges  0x0000000000000080       0x10 _build/stm32f0xx/rtt_log.c.o
 .debug_ranges  0x0000000000000090      0x650 _build/stm32f0xx/SEGGER_RTT.c.o
 .debug_ranges  0x00000000000006e0      0x178 _build/stm32f0xx/SEGGER_RTT_printf.c.o
 .debug_ranges  0x0000000000000858       0x20 _build/stm32f0xx/startup_stm32f0xx_gcc.s.o.o
 .debug_ranges  0x0000000000000878      0x138 _build/stm32f0xx/my_gpio_drv.c.o
 .debug_ranges  0x00000000000009b0       0x50 _build/stm32f0xx/my_usart_drv.c.o

.debug_macro    0x0000000000000000     0xc72a
 .debug_macro   0x0000000000000000      0x1fb _build/stm32f0xx/main.c.o
 .debug_macro   0x00000000000001fb      0xa5a _build/stm32f0xx/main.c.o
 .debug_macro   0x0000000000000c55       0x22 _build/stm32f0xx/main.c.o
 .debug_macro   0x0000000000000c77       0x56 _build/stm32f0xx/main.c.o
 .debug_macro   0x0000000000000ccd       0x51 _build/stm32f0xx/main.c.o
 .debug_macro   0x0000000000000d1e       0xef _build/stm32f0xx/main.c.o
 .debug_macro   0x0000000000000e0d       0x6a _build/stm32f0xx/main.c.o
 .debug_macro   0x0000000000000e77      0x1df _build/stm32f0xx/main.c.o
 .debug_macro   0x0000000000001056       0x87 _build/stm32f0xx/main.c.o
 .debug_macro   0x00000000000010dd       0x3a _build/stm32f0xx/main.c.o
 .debug_macro   0x0000000000001117       0x26 _build/stm32f0xx/main.c.o
 .debug_macro   0x000000000000113d      0x30d _build/stm32f0xx/main.c.o
 .debug_macro   0x000000000000144a     0x631c _build/stm32f0xx/main.c.o
 .debug_macro   0x0000000000007766      0x2eb _build/stm32f0xx/main.c.o
 .debug_macro   0x0000000000007a51      0x191 _build/stm32f0xx/main.c.o
 .debug_macro   0x0000000000007be2       0x46 _build/stm32f0xx/main.c.o
 .debug_macro   0x0000000000007c28       0xef _build/stm32f0xx/main.c.o
 .debug_macro   0x0000000000007d17      0x184 _build/stm32f0xx/main.c.o
 .debug_macro   0x0000000000007e9b       0x7c _build/stm32f0xx/main.c.o
 .debug_macro   0x0000000000007f17      0x85b _build/stm32f0xx/main.c.o
 .debug_macro   0x0000000000008772       0xd5 _build/stm32f0xx/main.c.o
 .debug_macro   0x0000000000008847      0x240 _build/stm32f0xx/main.c.o
 .debug_macro   0x0000000000008a87      0x185 _build/stm32f0xx/main.c.o
 .debug_macro   0x0000000000008c0c      0x471 _build/stm32f0xx/main.c.o
 .debug_macro   0x000000000000907d      0x2a0 _build/stm32f0xx/main.c.o
 .debug_macro   0x000000000000931d       0x70 _build/stm32f0xx/main.c.o
 .debug_macro   0x000000000000938d       0xdf _build/stm32f0xx/main.c.o
 .debug_macro   0x000000000000946c      0x522 _build/stm32f0xx/main.c.o
 .debug_macro   0x000000000000998e      0x4c5 _build/stm32f0xx/main.c.o
 .debug_macro   0x0000000000009e53      0x396 _build/stm32f0xx/main.c.o
 .debug_macro   0x000000000000a1e9      0x750 _build/stm32f0xx/main.c.o
 .debug_macro   0x000000000000a939      0x356 _build/stm32f0xx/main.c.o
 .debug_macro   0x000000000000ac8f       0x34 _build/stm32f0xx/main.c.o
 .debug_macro   0x000000000000acc3       0x3a _build/stm32f0xx/main.c.o
 .debug_macro   0x000000000000acfd       0x64 _build/stm32f0xx/main.c.o
 .debug_macro   0x000000000000ad61       0x22 _build/stm32f0xx/main.c.o
 .debug_macro   0x000000000000ad83       0x28 _build/stm32f0xx/main.c.o
 .debug_macro   0x000000000000adab       0x16 _build/stm32f0xx/main.c.o
 .debug_macro   0x000000000000adc1       0x65 _build/stm32f0xx/main.c.o
 .debug_macro   0x000000000000ae26      0x115 _build/stm32f0xx/main.c.o
 .debug_macro   0x000000000000af3b       0x16 _build/stm32f0xx/main.c.o
 .debug_macro   0x000000000000af51      0x1dc _build/stm32f0xx/stm32f0xx_it.c.o
 .debug_macro   0x000000000000b12d       0x34 _build/stm32f0xx/stm32f0xx_it.c.o
 .debug_macro   0x000000000000b161      0x188 _build/stm32f0xx/system_stm32f0xx.c.o
 .debug_macro   0x000000000000b2e9      0x19b _build/stm32f0xx/critical_state.c.o
 .debug_macro   0x000000000000b484       0x63 _build/stm32f0xx/rtt_log.c.o
 .debug_macro   0x000000000000b4e7       0x58 _build/stm32f0xx/rtt_log.c.o
 .debug_macro   0x000000000000b53f      0x160 _build/stm32f0xx/SEGGER_RTT.c.o
 .debug_macro   0x000000000000b69f      0x115 _build/stm32f0xx/SEGGER_RTT.c.o
 .debug_macro   0x000000000000b7b4       0x58 _build/stm32f0xx/SEGGER_RTT.c.o
 .debug_macro   0x000000000000b80c       0x18 _build/stm32f0xx/SEGGER_RTT.c.o
 .debug_macro   0x000000000000b824       0x5c _build/stm32f0xx/SEGGER_RTT.c.o
 .debug_macro   0x000000000000b880       0x35 _build/stm32f0xx/SEGGER_RTT.c.o
 .debug_macro   0x000000000000b8b5       0x34 _build/stm32f0xx/SEGGER_RTT.c.o
 .debug_macro   0x000000000000b8e9      0x16d _build/stm32f0xx/SEGGER_RTT.c.o
 .debug_macro   0x000000000000ba56       0x57 _build/stm32f0xx/SEGGER_RTT.c.o
 .debug_macro   0x000000000000baad       0x58 _build/stm32f0xx/SEGGER_RTT.c.o
 .debug_macro   0x000000000000bb05       0x1f _build/stm32f0xx/SEGGER_RTT.c.o
 .debug_macro   0x000000000000bb24       0x43 _build/stm32f0xx/SEGGER_RTT.c.o
 .debug_macro   0x000000000000bb67       0x20 _build/stm32f0xx/SEGGER_RTT.c.o
 .debug_macro   0x000000000000bb87      0x18e _build/stm32f0xx/SEGGER_RTT.c.o
 .debug_macro   0x000000000000bd15      0x353 _build/stm32f0xx/SEGGER_RTT.c.o
 .debug_macro   0x000000000000c068       0x10 _build/stm32f0xx/SEGGER_RTT.c.o
 .debug_macro   0x000000000000c078       0x35 _build/stm32f0xx/SEGGER_RTT.c.o
 .debug_macro   0x000000000000c0ad      0x136 _build/stm32f0xx/SEGGER_RTT_printf.c.o
 .debug_macro   0x000000000000c1e3       0x16 _build/stm32f0xx/SEGGER_RTT_printf.c.o
 .debug_macro   0x000000000000c1f9      0x10e _build/stm32f0xx/SEGGER_RTT_printf.c.o
 .debug_macro   0x000000000000c307       0x86 _build/stm32f0xx/SEGGER_RTT_printf.c.o
 .debug_macro   0x000000000000c38d       0x22 _build/stm32f0xx/SEGGER_RTT_printf.c.o
 .debug_macro   0x000000000000c3af      0x19b _build/stm32f0xx/my_gpio_drv.c.o
 .debug_macro   0x000000000000c54a      0x1e0 _build/stm32f0xx/my_usart_drv.c.o
